// Vitest Snapshot v1, https://vitest.dev/guide/snapshot.html

exports[`Description Component > default > renders correctly 1`] = `
"<ul class="ml-6 list-disc [&amp;>li]:mt-2 my-0 text-muted-foreground">
  <li class="leading-6 text-pretty">Test description</li>
  <li class="leading-6 text-pretty">with multiple lines</li>
  <li class="leading-6 text-pretty">of text</li>
</ul>
<!--v-if-->"
`;

exports[`Description Component > p > renders correctly 1`] = `
"<!--v-if-->
<div>
  <p class="leading-6 [&amp;:not(:first-child)]:mt-6 text-pretty">Test description</p>
  <p class="leading-6 [&amp;:not(:first-child)]:mt-6 text-pretty">with multiple lines</p>
  <p class="leading-6 [&amp;:not(:first-child)]:mt-6 text-pretty">of text</p>
</div>"
`;
